Sat Nov 22 16:05:52 2025: Falco version: 0.42.1 (aarch64)
Sat Nov 22 16:05:52 2025: Falco initialized with configuration files:
Sat Nov 22 16:05:52 2025:    /etc/falco/falco.yaml | schema validation: ok
Sat Nov 22 16:05:52 2025: System info: Linux version 6.11.11-linuxkit (root@buildkitsandbox) (gcc (Alpine 13.2.1_git20240309) 13.2.1 20240309, GNU ld (GNU Binutils) 2.42) #1 SMP Wed Oct 22 09:37:46 UTC 2025
Sat Nov 22 16:05:52 2025: Loaded plugin 'container@0.4.1' from file /usr/share/falco/plugins/libcontainer.so
Sat Nov 22 16:05:52 2025: [libs]: container: Enabled 'podman' container engine.
Sat Nov 22 16:05:52 2025: [libs]: container: * enabled container runtime socket at '/host/run/podman/podman.sock'
Sat Nov 22 16:05:52 2025: [libs]: container: Enabled 'docker' container engine.
Sat Nov 22 16:05:52 2025: [libs]: container: * enabled container runtime socket at '/host/var/run/docker.sock'
Sat Nov 22 16:05:52 2025: [libs]: container: Enabled 'cri' container engine.
Sat Nov 22 16:05:52 2025: [libs]: container: * enabled container runtime socket at '/host/run/containerd/containerd.sock'
Sat Nov 22 16:05:52 2025: [libs]: container: * enabled container runtime socket at '/host/run/crio/crio.sock'
Sat Nov 22 16:05:52 2025: [libs]: container: * enabled container runtime socket at '/host/run/k3s/containerd/containerd.sock'
Sat Nov 22 16:05:52 2025: [libs]: container: * enabled container runtime socket at '/host/run/host-containerd/containerd.sock'
Sat Nov 22 16:05:52 2025: [libs]: container: Enabled 'containerd' container engine.
Sat Nov 22 16:05:52 2025: [libs]: container: * enabled container runtime socket at '/host/run/host-containerd/containerd.sock'
Sat Nov 22 16:05:52 2025: [libs]: container: Enabled 'lxc' container engine.
Sat Nov 22 16:05:52 2025: [libs]: container: Enabled 'libvirt_lxc' container engine.
Sat Nov 22 16:05:52 2025: [libs]: container: Enabled 'bpm' container engine.
Sat Nov 22 16:05:52 2025: Loading rules from:
Sat Nov 22 16:05:52 2025:    /etc/falco/falco_rules.yaml | schema validation: ok
Sat Nov 22 16:05:52 2025: Hostname value has been overridden via environment variable to: minikube
Sat Nov 22 16:05:52 2025: The chosen syscall buffer dimension is: 8388608 bytes (8 MBs)
Sat Nov 22 16:05:52 2025: Starting health webserver with threadiness 8, listening on 0.0.0.0:8765
Sat Nov 22 16:05:52 2025: Loaded event sources: syscall
Sat Nov 22 16:05:52 2025: Enabled event sources: syscall
Sat Nov 22 16:05:52 2025: Opening 'syscall' source with modern BPF probe.
Sat Nov 22 16:05:52 2025: One ring buffer every '2' CPUs.
Sat Nov 22 16:05:52 2025: [libs]: Trying to open the right engine!
Sat Nov 22 16:05:53 2025: [libs]: libbpf: failed to determine tracepoint 'syscalls/sys_enter_creat' perf event ID: No such file or directory
Sat Nov 22 16:05:53 2025: [libs]: libbpf: prog 'creat_e': failed to create tracepoint 'syscalls/sys_enter_creat' perf event: No such file or directory
Sat Nov 22 16:05:53 2025: [libs]: libpman: failure while attaching TOCTOU mitigation program for 'creat' system call. Detection will continue to work, but TOCTOU mitigation may not properly work (errno: 2 | message: No such file or directory)
Sat Nov 22 16:05:53 2025: [libs]: libbpf: failed to determine tracepoint 'syscalls/sys_enter_open' perf event ID: No such file or directory
Sat Nov 22 16:05:53 2025: [libs]: libbpf: prog 'open_e': failed to create tracepoint 'syscalls/sys_enter_open' perf event: No such file or directory
Sat Nov 22 16:05:53 2025: [libs]: libpman: failure while attaching TOCTOU mitigation program for 'open' system call. Detection will continue to work, but TOCTOU mitigation may not properly work (errno: 2 | message: No such file or directory)
